SQL> select * from cargo;

IDC NOMBRE               SUELDO_MIN SUELDO_MAX                                  
--- -------------------- ---------- ----------                                  
C01 Gerente General           15000      50000                                  
C02 Gerente                   10000      15000                                  
C03 Empleado                   7000      10000                                  
C04 Analista                   5000       7000                                  
C05 Vendedor                   3000       5000                                  
C06 Oficinista                 1500       3000                                  
C07 Programador                2500       6000                                  
C08 Investigador               6000       8000                                  
C09 Digitador                  1000       1500                                  

9 filas seleccionadas.

SQL> select nombre from cargo;

NOMBRE                                                                          
--------------------                                                            
Gerente General                                                                 
Gerente                                                                         
Empleado                                                                        
Analista                                                                        
Vendedor                                                                        
Oficinista                                                                      
Programador                                                                     
Investigador                                                                    
Digitador                                                                       

9 filas seleccionadas.

SQL> select nombre "NOMBRE DEL CARGO" from cargo;

NOMBRE DEL CARGO                                                                
--------------------                                                            
Gerente General                                                                 
Gerente                                                                         
Empleado                                                                        
Analista                                                                        
Vendedor                                                                        
Oficinista                                                                      
Programador                                                                     
Investigador                                                                    
Digitador                                                                       

9 filas seleccionadas.

SQL> select nombre AS "NOMBRE DEL CARGO" from cargo;

NOMBRE DEL CARGO                                                                
--------------------                                                            
Gerente General                                                                 
Gerente                                                                         
Empleado                                                                        
Analista                                                                        
Vendedor                                                                        
Oficinista                                                                      
Programador                                                                     
Investigador                                                                    
Digitador                                                                       

9 filas seleccionadas.

SQL> select * from cat;

TABLE_NAME                     TABLE_TYPE                                       
------------------------------ -----------                                      
CARGO                          TABLE                                            
CONTROL                        TABLE                                            
DEPARTAMENTO                   TABLE                                            
EMPLEADO                       TABLE                                            
UBICACION                      TABLE                                            

SQL> desc empleado;
 Nombre                                    ¿Nulo?   Tipo
 ----------------------------------------- -------- ----------------------------
 IDEMPLEADO                                NOT NULL CHAR(5)
 APELLIDO                                  NOT NULL VARCHAR2(20)
 NOMBRE                                    NOT NULL VARCHAR2(20)
 FECINGRESO                                NOT NULL DATE
 EMAIL                                              VARCHAR2(30)
 TELEFONO                                           VARCHAR2(20)
 IDCARGO                                   NOT NULL CHAR(3)
 IDDEPARTAMENTO                            NOT NULL NUMBER(3)
 SUELDO                                    NOT NULL NUMBER(6)
 COMISION                                           NUMBER(6)
 JEFE                                               CHAR(5)

SQL> select iddepartamento from empleado;

IDDEPARTAMENTO                                                                  
--------------                                                                  
           100                                                                  
           100                                                                  
           102                                                                  
           102                                                                  
           102                                                                  
           102                                                                  
           102                                                                  
           102                                                                  
           101                                                                  
           101                                                                  
           101                                                                  

IDDEPARTAMENTO                                                                  
--------------                                                                  
           105                                                                  
           105                                                                  
           105                                                                  
           105                                                                  
           103                                                                  
           103                                                                  
           103                                                                  
           103                                                                  
           103                                                                  
           103                                                                  
           103                                                                  

22 filas seleccionadas.

SQL> select distinct iddepartamento from empleado;

IDDEPARTAMENTO                                                                  
--------------                                                                  
           100                                                                  
           102                                                                  
           101                                                                  
           105                                                                  
           103                                                                  

SQL> select * from departamento;

IDDEPARTAMENTO NOMBRE               IDU                                         
-------------- -------------------- ---                                         
           100 Gerencia             U01                                         
           101 Contabilidad         U01                                         
           102 Investigacion        U03                                         
           103 Ventas               U01                                         
           104 Operaciones          U01                                         
           105 Sistemas             U04                                         
           106 Recursos Humanos     U04                                         
           107 Finanzas             U01                                         

8 filas seleccionadas.

SQL> select * from departamento
  2  where iddepartamento not in (select distinct iddepartamento from empleado);

IDDEPARTAMENTO NOMBRE               IDU                                         
-------------- -------------------- ---                                         
           104 Operaciones          U01                                         
           106 Recursos Humanos     U04                                         
           107 Finanzas             U01                                         

SQL> select 7+6 "suma";
select 7+6 "suma"
                *
ERROR en línea 1:
ORA-00923: palabra clave FROM no encontrada donde se esperaba 


SQL> select 7+6 "suma" from dual;

      suma                                                                      
----------                                                                      
        13                                                                      

SQL> select * from empleado;

IDEMP APELLIDO             NOMBRE               FECINGRE                        
----- -------------------- -------------------- --------                        
EMAIL                          TELEFONO             IDC IDDEPARTAMENTO          
------------------------------ -------------------- --- --------------          
    SUELDO   COMISION JEFE                                                      
---------- ---------- -----                                                     
E0001 Coronel              Gustavo              01/04/00                        
gcoronel@perudev.com           9666-4457            C01            100          
     25000                                                                      
                                                                                
E0002 Fernandez            Claudia              01/05/00                        
cfernandez@perudev.com         9345-8365            C03            100          
      8000            E0001                                                     

IDEMP APELLIDO             NOMBRE               FECINGRE                        
----- -------------------- -------------------- --------                        
EMAIL                          TELEFONO             IDC IDDEPARTAMENTO          
------------------------------ -------------------- --- --------------          
    SUELDO   COMISION JEFE                                                      
---------- ---------- -----                                                     
                                                                                
E0003 Matsukawa            Sergio               01/04/00                        
smatsukawa@perudev.com         9772-8369            C02            102          
     15000            E0001                                                     
                                                                                
E0004 Diaz                 Mariela              10/04/00                        
mdiaz@perudev.com              8654-6734            C06            102          

IDEMP APELLIDO             NOMBRE               FECINGRE                        
----- -------------------- -------------------- --------                        
EMAIL                          TELEFONO             IDC IDDEPARTAMENTO          
------------------------------ -------------------- --- --------------          
    SUELDO   COMISION JEFE                                                      
---------- ---------- -----                                                     
      1800            E0003                                                     
                                                                                
E0005 Martinez             Roberto              05/04/00                        
rmartinez@perudev.com                               C08            102          
      7000        500 E0003                                                     
                                                                                
E0006 Espinoza             Miguel               06/04/00                        

IDEMP APELLIDO             NOMBRE               FECINGRE                        
----- -------------------- -------------------- --------                        
EMAIL                          TELEFONO             IDC IDDEPARTAMENTO          
------------------------------ -------------------- --- --------------          
    SUELDO   COMISION JEFE                                                      
---------- ---------- -----                                                     
mespinoza@perudev.com                               C08            102          
      7500        500 E0003                                                     
                                                                                
E0007 Ramos                Vanessa              06/04/02                        
vramos@perudev.com             9456-3456            C08            102          
      7000        500 E0003                                                     
                                                                                

IDEMP APELLIDO             NOMBRE               FECINGRE                        
----- -------------------- -------------------- --------                        
EMAIL                          TELEFONO             IDC IDDEPARTAMENTO          
------------------------------ -------------------- --- --------------          
    SUELDO   COMISION JEFE                                                      
---------- ---------- -----                                                     
E0008 Flores               Julio                01/04/00                        
jflores@perudev.com                                 C07            102          
      3500       1000 E0003                                                     
                                                                                
E0009 Marcelo              Ricardo              01/04/00                        
rmarcelo@perudev.com           9936-2966            C02            101          
     15000            E0001                                                     

IDEMP APELLIDO             NOMBRE               FECINGRE                        
----- -------------------- -------------------- --------                        
EMAIL                          TELEFONO             IDC IDDEPARTAMENTO          
------------------------------ -------------------- --- --------------          
    SUELDO   COMISION JEFE                                                      
---------- ---------- -----                                                     
                                                                                
E0010 Barrios              Guisella             15/01/01                        
gbarrios@perudev.com           9023-4512            C03            101          
      8000            E0009                                                     
                                                                                
E0011 Cuellar              Lucy                 18/02/03                        
lcuellar@perudev.com                                C06            101          

IDEMP APELLIDO             NOMBRE               FECINGRE                        
----- -------------------- -------------------- --------                        
EMAIL                          TELEFONO             IDC IDDEPARTAMENTO          
------------------------------ -------------------- --- --------------          
    SUELDO   COMISION JEFE                                                      
---------- ---------- -----                                                     
      2000            E0009                                                     
                                                                                
E0012 Valencia             Hugo                 01/05/00                        
hvalencia@perudev.com          9732-5601            C02            105          
     15000            E0001                                                     
                                                                                
E0013 Veliz                Fortunato            05/05/00                        

IDEMP APELLIDO             NOMBRE               FECINGRE                        
----- -------------------- -------------------- --------                        
EMAIL                          TELEFONO             IDC IDDEPARTAMENTO          
------------------------------ -------------------- --- --------------          
    SUELDO   COMISION JEFE                                                      
---------- ---------- -----                                                     
fveliz@perudev.com             9826-7603            C04            105          
      6000            E0012                                                     
                                                                                
E0014 Aguero               Octavio              15/05/00                        
oaguero@perudev.com                                 C07            105          
      3000        300 E0012                                                     
                                                                                

IDEMP APELLIDO             NOMBRE               FECINGRE                        
----- -------------------- -------------------- --------                        
EMAIL                          TELEFONO             IDC IDDEPARTAMENTO          
------------------------------ -------------------- --- --------------          
    SUELDO   COMISION JEFE                                                      
---------- ---------- -----                                                     
E0015 Rosales              Cesar                15/03/03                        
crosales@perudev.com                                C07            105          
      2500        300 E0012                                                     
                                                                                
E0016 Villarreal           Nora                 01/05/00                        
nvillarreal@perudev.com        9371-3641            C02            103          
     15000            E0001                                                     

IDEMP APELLIDO             NOMBRE               FECINGRE                        
----- -------------------- -------------------- --------                        
EMAIL                          TELEFONO             IDC IDDEPARTAMENTO          
------------------------------ -------------------- --- --------------          
    SUELDO   COMISION JEFE                                                      
---------- ---------- -----                                                     
                                                                                
E0017 Romero               Alejandra            03/05/00                        
aromero@perudev.com            8345-9526            C03            103          
      7500            E0016                                                     
                                                                                
E0018 Valdiviezo           Jennifer             12/06/00                        
jvaldiviezo@perudev.com        9263-5172            C06            103          

IDEMP APELLIDO             NOMBRE               FECINGRE                        
----- -------------------- -------------------- --------                        
EMAIL                          TELEFONO             IDC IDDEPARTAMENTO          
------------------------------ -------------------- --- --------------          
    SUELDO   COMISION JEFE                                                      
---------- ---------- -----                                                     
      2000            E0016                                                     
                                                                                
E0019 Muchotrigo           Omar                 12/05/00                        
omuchotrigo@perudev.com        9963-5542            C05            103          
      3500        500 E0016                                                     
                                                                                
E0020 Baltazar             Victor               18/05/00                        

IDEMP APELLIDO             NOMBRE               FECINGRE                        
----- -------------------- -------------------- --------                        
EMAIL                          TELEFONO             IDC IDDEPARTAMENTO          
------------------------------ -------------------- --- --------------          
    SUELDO   COMISION JEFE                                                      
---------- ---------- -----                                                     
vbaltazar@perudev.com          9893-4433            C05            103          
      3000        800 E0016                                                     
                                                                                
E0021 Castillo             Ronald               18/05/01                        
rcastillo@perudev.com          9234-3487            C05            103          
      3000        800 E0016                                                     
                                                                                

IDEMP APELLIDO             NOMBRE               FECINGRE                        
----- -------------------- -------------------- --------                        
EMAIL                          TELEFONO             IDC IDDEPARTAMENTO          
------------------------------ -------------------- --- --------------          
    SUELDO   COMISION JEFE                                                      
---------- ---------- -----                                                     
E0022 Espilco              Luis                 17/04/02                        
lespilco@perudev.com           9554-3456            C05            103          
      3000        300 E0016                                                     
                                                                                

22 filas seleccionadas.

SQL> set linesize 600
SQL> set pagsize 5000
SP2-0158: opción SET desconocida "pagsize"
SQL> set pagesize 5000
SQL> 
SQL> 
SQL> 
SQL> 
SQL> select * from empleado;

IDEMP APELLIDO             NOMBRE               FECINGRE EMAIL                          TELEFONO             IDC IDDEPARTAMENTO     SUELDO   COMISION JEFE                                                                                                                                                                                                                                                                                                                                                                                                                                                              
----- -------------------- -------------------- -------- ------------------------------ -------------------- --- -------------- ---------- ---------- -----                                                                                                                                                                                                                                                                                                                                                                                                                                                             
E0001 Coronel              Gustavo              01/04/00 gcoronel@perudev.com           9666-4457            C01            100      25000                                                                                                                                                                                                                                                                                                                                                                                                                                                                              
E0002 Fernandez            Claudia              01/05/00 cfernandez@perudev.com         9345-8365            C03            100       8000            E0001                                                                                                                                                                                                                                                                                                                                                                                                                                                             
E0003 Matsukawa            Sergio               01/04/00 smatsukawa@perudev.com         9772-8369            C02            102      15000            E0001                                                                                                                                                                                                                                                                                                                                                                                                                                                             
E0004 Diaz                 Mariela              10/04/00 mdiaz@perudev.com              8654-6734            C06            102       1800            E0003                                                                                                                                                                                                                                                                                                                                                                                                                                                             
E0005 Martinez             Roberto              05/04/00 rmartinez@perudev.com                               C08            102       7000        500 E0003                                                                                                                                                                                                                                                                                                                                                                                                                                                             
E0006 Espinoza             Miguel               06/04/00 mespinoza@perudev.com                               C08            102       7500        500 E0003                                                                                                                                                                                                                                                                                                                                                                                                                                                             
E0007 Ramos                Vanessa              06/04/02 vramos@perudev.com             9456-3456            C08            102       7000        500 E0003                                                                                                                                                                                                                                                                                                                                                                                                                                                             
E0008 Flores               Julio                01/04/00 jflores@perudev.com                                 C07            102       3500       1000 E0003                                                                                                                                                                                                                                                                                                                                                                                                                                                             
E0009 Marcelo              Ricardo              01/04/00 rmarcelo@perudev.com           9936-2966            C02            101      15000            E0001                                                                                                                                                                                                                                                                                                                                                                                                                                                             
E0010 Barrios              Guisella             15/01/01 gbarrios@perudev.com           9023-4512            C03            101       8000            E0009                                                                                                                                                                                                                                                                                                                                                                                                                                                             
E0011 Cuellar              Lucy                 18/02/03 lcuellar@perudev.com                                C06            101       2000            E0009                                                                                                                                                                                                                                                                                                                                                                                                                                                             
E0012 Valencia             Hugo                 01/05/00 hvalencia@perudev.com          9732-5601            C02            105      15000            E0001                                                                                                                                                                                                                                                                                                                                                                                                                                                             
E0013 Veliz                Fortunato            05/05/00 fveliz@perudev.com             9826-7603            C04            105       6000            E0012                                                                                                                                                                                                                                                                                                                                                                                                                                                             
E0014 Aguero               Octavio              15/05/00 oaguero@perudev.com                                 C07            105       3000        300 E0012                                                                                                                                                                                                                                                                                                                                                                                                                                                             
E0015 Rosales              Cesar                15/03/03 crosales@perudev.com                                C07            105       2500        300 E0012                                                                                                                                                                                                                                                                                                                                                                                                                                                             
E0016 Villarreal           Nora                 01/05/00 nvillarreal@perudev.com        9371-3641            C02            103      15000            E0001                                                                                                                                                                                                                                                                                                                                                                                                                                                             
E0017 Romero               Alejandra            03/05/00 aromero@perudev.com            8345-9526            C03            103       7500            E0016                                                                                                                                                                                                                                                                                                                                                                                                                                                             
E0018 Valdiviezo           Jennifer             12/06/00 jvaldiviezo@perudev.com        9263-5172            C06            103       2000            E0016                                                                                                                                                                                                                                                                                                                                                                                                                                                             
E0019 Muchotrigo           Omar                 12/05/00 omuchotrigo@perudev.com        9963-5542            C05            103       3500        500 E0016                                                                                                                                                                                                                                                                                                                                                                                                                                                             
E0020 Baltazar             Victor               18/05/00 vbaltazar@perudev.com          9893-4433            C05            103       3000        800 E0016                                                                                                                                                                                                                                                                                                                                                                                                                                                             
E0021 Castillo             Ronald               18/05/01 rcastillo@perudev.com          9234-3487            C05            103       3000        800 E0016                                                                                                                                                                                                                                                                                                                                                                                                                                                             
E0022 Espilco              Luis                 17/04/02 lespilco@perudev.com           9554-3456            C05            103       3000        300 E0016                                                                                                                                                                                                                                                                                                                                                                                                                                                             

22 filas seleccionadas.

SQL> 
SQL> 
SQL> select * from empleado where suelo > 2000;
select * from empleado where suelo > 2000
                             *
ERROR en línea 1:
ORA-00904: "SUELO": identificador no válido 


SQL> select * from empleado where sueldo > 2000;

IDEMP APELLIDO             NOMBRE               FECINGRE EMAIL                          TELEFONO             IDC IDDEPARTAMENTO     SUELDO   COMISION JEFE                                                                                                                                                                                                                                                                                                                                                                                                                                                              
----- -------------------- -------------------- -------- ------------------------------ -------------------- --- -------------- ---------- ---------- -----                                                                                                                                                                                                                                                                                                                                                                                                                                                             
E0001 Coronel              Gustavo              01/04/00 gcoronel@perudev.com           9666-4457            C01            100      25000                                                                                                                                                                                                                                                                                                                                                                                                                                                                              
E0002 Fernandez            Claudia              01/05/00 cfernandez@perudev.com         9345-8365            C03            100       8000            E0001                                                                                                                                                                                                                                                                                                                                                                                                                                                             
E0003 Matsukawa            Sergio               01/04/00 smatsukawa@perudev.com         9772-8369            C02            102      15000            E0001                                                                                                                                                                                                                                                                                                                                                                                                                                                             
E0005 Martinez             Roberto              05/04/00 rmartinez@perudev.com                               C08            102       7000        500 E0003                                                                                                                                                                                                                                                                                                                                                                                                                                                             
E0006 Espinoza             Miguel               06/04/00 mespinoza@perudev.com                               C08            102       7500        500 E0003                                                                                                                                                                                                                                                                                                                                                                                                                                                             
E0007 Ramos                Vanessa              06/04/02 vramos@perudev.com             9456-3456            C08            102       7000        500 E0003                                                                                                                                                                                                                                                                                                                                                                                                                                                             
E0008 Flores               Julio                01/04/00 jflores@perudev.com                                 C07            102       3500       1000 E0003                                                                                                                                                                                                                                                                                                                                                                                                                                                             
E0009 Marcelo              Ricardo              01/04/00 rmarcelo@perudev.com           9936-2966            C02            101      15000            E0001                                                                                                                                                                                                                                                                                                                                                                                                                                                             
E0010 Barrios              Guisella             15/01/01 gbarrios@perudev.com           9023-4512            C03            101       8000            E0009                                                                                                                                                                                                                                                                                                                                                                                                                                                             
E0012 Valencia             Hugo                 01/05/00 hvalencia@perudev.com          9732-5601            C02            105      15000            E0001                                                                                                                                                                                                                                                                                                                                                                                                                                                             
E0013 Veliz                Fortunato            05/05/00 fveliz@perudev.com             9826-7603            C04            105       6000            E0012                                                                                                                                                                                                                                                                                                                                                                                                                                                             
E0014 Aguero               Octavio              15/05/00 oaguero@perudev.com                                 C07            105       3000        300 E0012                                                                                                                                                                                                                                                                                                                                                                                                                                                             
E0015 Rosales              Cesar                15/03/03 crosales@perudev.com                                C07            105       2500        300 E0012                                                                                                                                                                                                                                                                                                                                                                                                                                                             
E0016 Villarreal           Nora                 01/05/00 nvillarreal@perudev.com        9371-3641            C02            103      15000            E0001                                                                                                                                                                                                                                                                                                                                                                                                                                                             
E0017 Romero               Alejandra            03/05/00 aromero@perudev.com            8345-9526            C03            103       7500            E0016                                                                                                                                                                                                                                                                                                                                                                                                                                                             
E0019 Muchotrigo           Omar                 12/05/00 omuchotrigo@perudev.com        9963-5542            C05            103       3500        500 E0016                                                                                                                                                                                                                                                                                                                                                                                                                                                             
E0020 Baltazar             Victor               18/05/00 vbaltazar@perudev.com          9893-4433            C05            103       3000        800 E0016                                                                                                                                                                                                                                                                                                                                                                                                                                                             
E0021 Castillo             Ronald               18/05/01 rcastillo@perudev.com          9234-3487            C05            103       3000        800 E0016                                                                                                                                                                                                                                                                                                                                                                                                                                                             
E0022 Espilco              Luis                 17/04/02 lespilco@perudev.com           9554-3456            C05            103       3000        300 E0016                                                                                                                                                                                                                                                                                                                                                                                                                                                             

19 filas seleccionadas.

SQL> select * from empleado where sueldo > 3000;

IDEMP APELLIDO             NOMBRE               FECINGRE EMAIL                          TELEFONO             IDC IDDEPARTAMENTO     SUELDO   COMISION JEFE                                                                                                                                                                                                                                                                                                                                                                                                                                                              
----- -------------------- -------------------- -------- ------------------------------ -------------------- --- -------------- ---------- ---------- -----                                                                                                                                                                                                                                                                                                                                                                                                                                                             
E0001 Coronel              Gustavo              01/04/00 gcoronel@perudev.com           9666-4457            C01            100      25000                                                                                                                                                                                                                                                                                                                                                                                                                                                                              
E0002 Fernandez            Claudia              01/05/00 cfernandez@perudev.com         9345-8365            C03            100       8000            E0001                                                                                                                                                                                                                                                                                                                                                                                                                                                             
E0003 Matsukawa            Sergio               01/04/00 smatsukawa@perudev.com         9772-8369            C02            102      15000            E0001                                                                                                                                                                                                                                                                                                                                                                                                                                                             
E0005 Martinez             Roberto              05/04/00 rmartinez@perudev.com                               C08            102       7000        500 E0003                                                                                                                                                                                                                                                                                                                                                                                                                                                             
E0006 Espinoza             Miguel               06/04/00 mespinoza@perudev.com                               C08            102       7500        500 E0003                                                                                                                                                                                                                                                                                                                                                                                                                                                             
E0007 Ramos                Vanessa              06/04/02 vramos@perudev.com             9456-3456            C08            102       7000        500 E0003                                                                                                                                                                                                                                                                                                                                                                                                                                                             
E0008 Flores               Julio                01/04/00 jflores@perudev.com                                 C07            102       3500       1000 E0003                                                                                                                                                                                                                                                                                                                                                                                                                                                             
E0009 Marcelo              Ricardo              01/04/00 rmarcelo@perudev.com           9936-2966            C02            101      15000            E0001                                                                                                                                                                                                                                                                                                                                                                                                                                                             
E0010 Barrios              Guisella             15/01/01 gbarrios@perudev.com           9023-4512            C03            101       8000            E0009                                                                                                                                                                                                                                                                                                                                                                                                                                                             
E0012 Valencia             Hugo                 01/05/00 hvalencia@perudev.com          9732-5601            C02            105      15000            E0001                                                                                                                                                                                                                                                                                                                                                                                                                                                             
E0013 Veliz                Fortunato            05/05/00 fveliz@perudev.com             9826-7603            C04            105       6000            E0012                                                                                                                                                                                                                                                                                                                                                                                                                                                             
E0016 Villarreal           Nora                 01/05/00 nvillarreal@perudev.com        9371-3641            C02            103      15000            E0001                                                                                                                                                                                                                                                                                                                                                                                                                                                             
E0017 Romero               Alejandra            03/05/00 aromero@perudev.com            8345-9526            C03            103       7500            E0016                                                                                                                                                                                                                                                                                                                                                                                                                                                             
E0019 Muchotrigo           Omar                 12/05/00 omuchotrigo@perudev.com        9963-5542            C05            103       3500        500 E0016                                                                                                                                                                                                                                                                                                                                                                                                                                                             

14 filas seleccionadas.

SQL> select * from empleado where sueldo > 4000;

IDEMP APELLIDO             NOMBRE               FECINGRE EMAIL                          TELEFONO             IDC IDDEPARTAMENTO     SUELDO   COMISION JEFE                                                                                                                                                                                                                                                                                                                                                                                                                                                              
----- -------------------- -------------------- -------- ------------------------------ -------------------- --- -------------- ---------- ---------- -----                                                                                                                                                                                                                                                                                                                                                                                                                                                             
E0001 Coronel              Gustavo              01/04/00 gcoronel@perudev.com           9666-4457            C01            100      25000                                                                                                                                                                                                                                                                                                                                                                                                                                                                              
E0002 Fernandez            Claudia              01/05/00 cfernandez@perudev.com         9345-8365            C03            100       8000            E0001                                                                                                                                                                                                                                                                                                                                                                                                                                                             
E0003 Matsukawa            Sergio               01/04/00 smatsukawa@perudev.com         9772-8369            C02            102      15000            E0001                                                                                                                                                                                                                                                                                                                                                                                                                                                             
E0005 Martinez             Roberto              05/04/00 rmartinez@perudev.com                               C08            102       7000        500 E0003                                                                                                                                                                                                                                                                                                                                                                                                                                                             
E0006 Espinoza             Miguel               06/04/00 mespinoza@perudev.com                               C08            102       7500        500 E0003                                                                                                                                                                                                                                                                                                                                                                                                                                                             
E0007 Ramos                Vanessa              06/04/02 vramos@perudev.com             9456-3456            C08            102       7000        500 E0003                                                                                                                                                                                                                                                                                                                                                                                                                                                             
E0009 Marcelo              Ricardo              01/04/00 rmarcelo@perudev.com           9936-2966            C02            101      15000            E0001                                                                                                                                                                                                                                                                                                                                                                                                                                                             
E0010 Barrios              Guisella             15/01/01 gbarrios@perudev.com           9023-4512            C03            101       8000            E0009                                                                                                                                                                                                                                                                                                                                                                                                                                                             
E0012 Valencia             Hugo                 01/05/00 hvalencia@perudev.com          9732-5601            C02            105      15000            E0001                                                                                                                                                                                                                                                                                                                                                                                                                                                             
E0013 Veliz                Fortunato            05/05/00 fveliz@perudev.com             9826-7603            C04            105       6000            E0012                                                                                                                                                                                                                                                                                                                                                                                                                                                             
E0016 Villarreal           Nora                 01/05/00 nvillarreal@perudev.com        9371-3641            C02            103      15000            E0001                                                                                                                                                                                                                                                                                                                                                                                                                                                             
E0017 Romero               Alejandra            03/05/00 aromero@perudev.com            8345-9526            C03            103       7500            E0016                                                                                                                                                                                                                                                                                                                                                                                                                                                             

12 filas seleccionadas.

SQL> select * from empleado where sueldo > 5000;

IDEMP APELLIDO             NOMBRE               FECINGRE EMAIL                          TELEFONO             IDC IDDEPARTAMENTO     SUELDO   COMISION JEFE                                                                                                                                                                                                                                                                                                                                                                                                                                                              
----- -------------------- -------------------- -------- ------------------------------ -------------------- --- -------------- ---------- ---------- -----                                                                                                                                                                                                                                                                                                                                                                                                                                                             
E0001 Coronel              Gustavo              01/04/00 gcoronel@perudev.com           9666-4457            C01            100      25000                                                                                                                                                                                                                                                                                                                                                                                                                                                                              
E0002 Fernandez            Claudia              01/05/00 cfernandez@perudev.com         9345-8365            C03            100       8000            E0001                                                                                                                                                                                                                                                                                                                                                                                                                                                             
E0003 Matsukawa            Sergio               01/04/00 smatsukawa@perudev.com         9772-8369            C02            102      15000            E0001                                                                                                                                                                                                                                                                                                                                                                                                                                                             
E0005 Martinez             Roberto              05/04/00 rmartinez@perudev.com                               C08            102       7000        500 E0003                                                                                                                                                                                                                                                                                                                                                                                                                                                             
E0006 Espinoza             Miguel               06/04/00 mespinoza@perudev.com                               C08            102       7500        500 E0003                                                                                                                                                                                                                                                                                                                                                                                                                                                             
E0007 Ramos                Vanessa              06/04/02 vramos@perudev.com             9456-3456            C08            102       7000        500 E0003                                                                                                                                                                                                                                                                                                                                                                                                                                                             
E0009 Marcelo              Ricardo              01/04/00 rmarcelo@perudev.com           9936-2966            C02            101      15000            E0001                                                                                                                                                                                                                                                                                                                                                                                                                                                             
E0010 Barrios              Guisella             15/01/01 gbarrios@perudev.com           9023-4512            C03            101       8000            E0009                                                                                                                                                                                                                                                                                                                                                                                                                                                             
E0012 Valencia             Hugo                 01/05/00 hvalencia@perudev.com          9732-5601            C02            105      15000            E0001                                                                                                                                                                                                                                                                                                                                                                                                                                                             
E0013 Veliz                Fortunato            05/05/00 fveliz@perudev.com             9826-7603            C04            105       6000            E0012                                                                                                                                                                                                                                                                                                                                                                                                                                                             
E0016 Villarreal           Nora                 01/05/00 nvillarreal@perudev.com        9371-3641            C02            103      15000            E0001                                                                                                                                                                                                                                                                                                                                                                                                                                                             
E0017 Romero               Alejandra            03/05/00 aromero@perudev.com            8345-9526            C03            103       7500            E0016                                                                                                                                                                                                                                                                                                                                                                                                                                                             

12 filas seleccionadas.

SQL> select * from empleado where sueldo > 6000;

IDEMP APELLIDO             NOMBRE               FECINGRE EMAIL                          TELEFONO             IDC IDDEPARTAMENTO     SUELDO   COMISION JEFE                                                                                                                                                                                                                                                                                                                                                                                                                                                              
----- -------------------- -------------------- -------- ------------------------------ -------------------- --- -------------- ---------- ---------- -----                                                                                                                                                                                                                                                                                                                                                                                                                                                             
E0001 Coronel              Gustavo              01/04/00 gcoronel@perudev.com           9666-4457            C01            100      25000                                                                                                                                                                                                                                                                                                                                                                                                                                                                              
E0002 Fernandez            Claudia              01/05/00 cfernandez@perudev.com         9345-8365            C03            100       8000            E0001                                                                                                                                                                                                                                                                                                                                                                                                                                                             
E0003 Matsukawa            Sergio               01/04/00 smatsukawa@perudev.com         9772-8369            C02            102      15000            E0001                                                                                                                                                                                                                                                                                                                                                                                                                                                             
E0005 Martinez             Roberto              05/04/00 rmartinez@perudev.com                               C08            102       7000        500 E0003                                                                                                                                                                                                                                                                                                                                                                                                                                                             
E0006 Espinoza             Miguel               06/04/00 mespinoza@perudev.com                               C08            102       7500        500 E0003                                                                                                                                                                                                                                                                                                                                                                                                                                                             
E0007 Ramos                Vanessa              06/04/02 vramos@perudev.com             9456-3456            C08            102       7000        500 E0003                                                                                                                                                                                                                                                                                                                                                                                                                                                             
E0009 Marcelo              Ricardo              01/04/00 rmarcelo@perudev.com           9936-2966            C02            101      15000            E0001                                                                                                                                                                                                                                                                                                                                                                                                                                                             
E0010 Barrios              Guisella             15/01/01 gbarrios@perudev.com           9023-4512            C03            101       8000            E0009                                                                                                                                                                                                                                                                                                                                                                                                                                                             
E0012 Valencia             Hugo                 01/05/00 hvalencia@perudev.com          9732-5601            C02            105      15000            E0001                                                                                                                                                                                                                                                                                                                                                                                                                                                             
E0016 Villarreal           Nora                 01/05/00 nvillarreal@perudev.com        9371-3641            C02            103      15000            E0001                                                                                                                                                                                                                                                                                                                                                                                                                                                             
E0017 Romero               Alejandra            03/05/00 aromero@perudev.com            8345-9526            C03            103       7500            E0016                                                                                                                                                                                                                                                                                                                                                                                                                                                             

11 filas seleccionadas.

SQL> select * from empleado where sueldo > 7000;

IDEMP APELLIDO             NOMBRE               FECINGRE EMAIL                          TELEFONO             IDC IDDEPARTAMENTO     SUELDO   COMISION JEFE                                                                                                                                                                                                                                                                                                                                                                                                                                                              
----- -------------------- -------------------- -------- ------------------------------ -------------------- --- -------------- ---------- ---------- -----                                                                                                                                                                                                                                                                                                                                                                                                                                                             
E0001 Coronel              Gustavo              01/04/00 gcoronel@perudev.com           9666-4457            C01            100      25000                                                                                                                                                                                                                                                                                                                                                                                                                                                                              
E0002 Fernandez            Claudia              01/05/00 cfernandez@perudev.com         9345-8365            C03            100       8000            E0001                                                                                                                                                                                                                                                                                                                                                                                                                                                             
E0003 Matsukawa            Sergio               01/04/00 smatsukawa@perudev.com         9772-8369            C02            102      15000            E0001                                                                                                                                                                                                                                                                                                                                                                                                                                                             
E0006 Espinoza             Miguel               06/04/00 mespinoza@perudev.com                               C08            102       7500        500 E0003                                                                                                                                                                                                                                                                                                                                                                                                                                                             
E0009 Marcelo              Ricardo              01/04/00 rmarcelo@perudev.com           9936-2966            C02            101      15000            E0001                                                                                                                                                                                                                                                                                                                                                                                                                                                             
E0010 Barrios              Guisella             15/01/01 gbarrios@perudev.com           9023-4512            C03            101       8000            E0009                                                                                                                                                                                                                                                                                                                                                                                                                                                             
E0012 Valencia             Hugo                 01/05/00 hvalencia@perudev.com          9732-5601            C02            105      15000            E0001                                                                                                                                                                                                                                                                                                                                                                                                                                                             
E0016 Villarreal           Nora                 01/05/00 nvillarreal@perudev.com        9371-3641            C02            103      15000            E0001                                                                                                                                                                                                                                                                                                                                                                                                                                                             
E0017 Romero               Alejandra            03/05/00 aromero@perudev.com            8345-9526            C03            103       7500            E0016                                                                                                                                                                                                                                                                                                                                                                                                                                                             

9 filas seleccionadas.

SQL> select * from empleado where sueldo > 8000;

IDEMP APELLIDO             NOMBRE               FECINGRE EMAIL                          TELEFONO             IDC IDDEPARTAMENTO     SUELDO   COMISION JEFE                                                                                                                                                                                                                                                                                                                                                                                                                                                              
----- -------------------- -------------------- -------- ------------------------------ -------------------- --- -------------- ---------- ---------- -----                                                                                                                                                                                                                                                                                                                                                                                                                                                             
E0001 Coronel              Gustavo              01/04/00 gcoronel@perudev.com           9666-4457            C01            100      25000                                                                                                                                                                                                                                                                                                                                                                                                                                                                              
E0003 Matsukawa            Sergio               01/04/00 smatsukawa@perudev.com         9772-8369            C02            102      15000            E0001                                                                                                                                                                                                                                                                                                                                                                                                                                                             
E0009 Marcelo              Ricardo              01/04/00 rmarcelo@perudev.com           9936-2966            C02            101      15000            E0001                                                                                                                                                                                                                                                                                                                                                                                                                                                             
E0012 Valencia             Hugo                 01/05/00 hvalencia@perudev.com          9732-5601            C02            105      15000            E0001                                                                                                                                                                                                                                                                                                                                                                                                                                                             
E0016 Villarreal           Nora                 01/05/00 nvillarreal@perudev.com        9371-3641            C02            103      15000            E0001                                                                                                                                                                                                                                                                                                                                                                                                                                                             

SQL> 
SQL> 
SQL> select * from empleado
  2  where iddepartamento in (100,105);

IDEMP APELLIDO             NOMBRE               FECINGRE EMAIL                          TELEFONO             IDC IDDEPARTAMENTO     SUELDO   COMISION JEFE                                                                                                                                                                                                                                                                                                                                                                                                                                                              
----- -------------------- -------------------- -------- ------------------------------ -------------------- --- -------------- ---------- ---------- -----                                                                                                                                                                                                                                                                                                                                                                                                                                                             
E0001 Coronel              Gustavo              01/04/00 gcoronel@perudev.com           9666-4457            C01            100      25000                                                                                                                                                                                                                                                                                                                                                                                                                                                                              
E0002 Fernandez            Claudia              01/05/00 cfernandez@perudev.com         9345-8365            C03            100       8000            E0001                                                                                                                                                                                                                                                                                                                                                                                                                                                             
E0012 Valencia             Hugo                 01/05/00 hvalencia@perudev.com          9732-5601            C02            105      15000            E0001                                                                                                                                                                                                                                                                                                                                                                                                                                                             
E0013 Veliz                Fortunato            05/05/00 fveliz@perudev.com             9826-7603            C04            105       6000            E0012                                                                                                                                                                                                                                                                                                                                                                                                                                                             
E0014 Aguero               Octavio              15/05/00 oaguero@perudev.com                                 C07            105       3000        300 E0012                                                                                                                                                                                                                                                                                                                                                                                                                                                             
E0015 Rosales              Cesar                15/03/03 crosales@perudev.com                                C07            105       2500        300 E0012                                                                                                                                                                                                                                                                                                                                                                                                                                                             

6 filas seleccionadas.

SQL> select * from empleado
  2  where iddepartamento in (101,105);

IDEMP APELLIDO             NOMBRE               FECINGRE EMAIL                          TELEFONO             IDC IDDEPARTAMENTO     SUELDO   COMISION JEFE                                                                                                                                                                                                                                                                                                                                                                                                                                                              
----- -------------------- -------------------- -------- ------------------------------ -------------------- --- -------------- ---------- ---------- -----                                                                                                                                                                                                                                                                                                                                                                                                                                                             
E0009 Marcelo              Ricardo              01/04/00 rmarcelo@perudev.com           9936-2966            C02            101      15000            E0001                                                                                                                                                                                                                                                                                                                                                                                                                                                             
E0010 Barrios              Guisella             15/01/01 gbarrios@perudev.com           9023-4512            C03            101       8000            E0009                                                                                                                                                                                                                                                                                                                                                                                                                                                             
E0011 Cuellar              Lucy                 18/02/03 lcuellar@perudev.com                                C06            101       2000            E0009                                                                                                                                                                                                                                                                                                                                                                                                                                                             
E0012 Valencia             Hugo                 01/05/00 hvalencia@perudev.com          9732-5601            C02            105      15000            E0001                                                                                                                                                                                                                                                                                                                                                                                                                                                             
E0013 Veliz                Fortunato            05/05/00 fveliz@perudev.com             9826-7603            C04            105       6000            E0012                                                                                                                                                                                                                                                                                                                                                                                                                                                             
E0014 Aguero               Octavio              15/05/00 oaguero@perudev.com                                 C07            105       3000        300 E0012                                                                                                                                                                                                                                                                                                                                                                                                                                                             
E0015 Rosales              Cesar                15/03/03 crosales@perudev.com                                C07            105       2500        300 E0012                                                                                                                                                                                                                                                                                                                                                                                                                                                             

7 filas seleccionadas.

SQL> select * from empleado
  2  where iddepartamento = 101 or iedepartamento = 105;
where iddepartamento = 101 or iedepartamento = 105
                              *
ERROR en línea 2:
ORA-00904: "IEDEPARTAMENTO": identificador no válido 


SQL> where iddepartamento = 101 or iddepartamento = 105;
SP2-0734: inicio "where idde..." de comando desconocido - resto de la línea ignorado.
SQL> select * from empleado
  2  where iddepartamento = 101 or iddepartamento = 105;

IDEMP APELLIDO             NOMBRE               FECINGRE EMAIL                          TELEFONO             IDC IDDEPARTAMENTO     SUELDO   COMISION JEFE                                                                                                                                                                                                                                                                                                                                                                                                                                                              
----- -------------------- -------------------- -------- ------------------------------ -------------------- --- -------------- ---------- ---------- -----                                                                                                                                                                                                                                                                                                                                                                                                                                                             
E0009 Marcelo              Ricardo              01/04/00 rmarcelo@perudev.com           9936-2966            C02            101      15000            E0001                                                                                                                                                                                                                                                                                                                                                                                                                                                             
E0010 Barrios              Guisella             15/01/01 gbarrios@perudev.com           9023-4512            C03            101       8000            E0009                                                                                                                                                                                                                                                                                                                                                                                                                                                             
E0011 Cuellar              Lucy                 18/02/03 lcuellar@perudev.com                                C06            101       2000            E0009                                                                                                                                                                                                                                                                                                                                                                                                                                                             
E0012 Valencia             Hugo                 01/05/00 hvalencia@perudev.com          9732-5601            C02            105      15000            E0001                                                                                                                                                                                                                                                                                                                                                                                                                                                             
E0013 Veliz                Fortunato            05/05/00 fveliz@perudev.com             9826-7603            C04            105       6000            E0012                                                                                                                                                                                                                                                                                                                                                                                                                                                             
E0014 Aguero               Octavio              15/05/00 oaguero@perudev.com                                 C07            105       3000        300 E0012                                                                                                                                                                                                                                                                                                                                                                                                                                                             
E0015 Rosales              Cesar                15/03/03 crosales@perudev.com                                C07            105       2500        300 E0012                                                                                                                                                                                                                                                                                                                                                                                                                                                             

7 filas seleccionadas.

SQL> select * from empleado where sueldo between 3000 and 5000;

IDEMP APELLIDO             NOMBRE               FECINGRE EMAIL                          TELEFONO             IDC IDDEPARTAMENTO     SUELDO   COMISION JEFE                                                                                                                                                                                                                                                                                                                                                                                                                                                              
----- -------------------- -------------------- -------- ------------------------------ -------------------- --- -------------- ---------- ---------- -----                                                                                                                                                                                                                                                                                                                                                                                                                                                             
E0008 Flores               Julio                01/04/00 jflores@perudev.com                                 C07            102       3500       1000 E0003                                                                                                                                                                                                                                                                                                                                                                                                                                                             
E0014 Aguero               Octavio              15/05/00 oaguero@perudev.com                                 C07            105       3000        300 E0012                                                                                                                                                                                                                                                                                                                                                                                                                                                             
E0019 Muchotrigo           Omar                 12/05/00 omuchotrigo@perudev.com        9963-5542            C05            103       3500        500 E0016                                                                                                                                                                                                                                                                                                                                                                                                                                                             
E0020 Baltazar             Victor               18/05/00 vbaltazar@perudev.com          9893-4433            C05            103       3000        800 E0016                                                                                                                                                                                                                                                                                                                                                                                                                                                             
E0021 Castillo             Ronald               18/05/01 rcastillo@perudev.com          9234-3487            C05            103       3000        800 E0016                                                                                                                                                                                                                                                                                                                                                                                                                                                             
E0022 Espilco              Luis                 17/04/02 lespilco@perudev.com           9554-3456            C05            103       3000        300 E0016                                                                                                                                                                                                                                                                                                                                                                                                                                                             

6 filas seleccionadas.

SQL> select * from empleado where sueldo comision is null
  2  ;
select * from empleado where sueldo comision is null
                                    *
ERROR en línea 1:
ORA-00920: operador relacional no válido 


SQL> select * from empleado where comision is null;

IDEMP APELLIDO             NOMBRE               FECINGRE EMAIL                          TELEFONO             IDC IDDEPARTAMENTO     SUELDO   COMISION JEFE                                                                                                                                                                                                                                                                                                                                                                                                                                                              
----- -------------------- -------------------- -------- ------------------------------ -------------------- --- -------------- ---------- ---------- -----                                                                                                                                                                                                                                                                                                                                                                                                                                                             
E0001 Coronel              Gustavo              01/04/00 gcoronel@perudev.com           9666-4457            C01            100      25000                                                                                                                                                                                                                                                                                                                                                                                                                                                                              
E0002 Fernandez            Claudia              01/05/00 cfernandez@perudev.com         9345-8365            C03            100       8000            E0001                                                                                                                                                                                                                                                                                                                                                                                                                                                             
E0003 Matsukawa            Sergio               01/04/00 smatsukawa@perudev.com         9772-8369            C02            102      15000            E0001                                                                                                                                                                                                                                                                                                                                                                                                                                                             
E0004 Diaz                 Mariela              10/04/00 mdiaz@perudev.com              8654-6734            C06            102       1800            E0003                                                                                                                                                                                                                                                                                                                                                                                                                                                             
E0009 Marcelo              Ricardo              01/04/00 rmarcelo@perudev.com           9936-2966            C02            101      15000            E0001                                                                                                                                                                                                                                                                                                                                                                                                                                                             
E0010 Barrios              Guisella             15/01/01 gbarrios@perudev.com           9023-4512            C03            101       8000            E0009                                                                                                                                                                                                                                                                                                                                                                                                                                                             
E0011 Cuellar              Lucy                 18/02/03 lcuellar@perudev.com                                C06            101       2000            E0009                                                                                                                                                                                                                                                                                                                                                                                                                                                             
E0012 Valencia             Hugo                 01/05/00 hvalencia@perudev.com          9732-5601            C02            105      15000            E0001                                                                                                                                                                                                                                                                                                                                                                                                                                                             
E0013 Veliz                Fortunato            05/05/00 fveliz@perudev.com             9826-7603            C04            105       6000            E0012                                                                                                                                                                                                                                                                                                                                                                                                                                                             
E0016 Villarreal           Nora                 01/05/00 nvillarreal@perudev.com        9371-3641            C02            103      15000            E0001                                                                                                                                                                                                                                                                                                                                                                                                                                                             
E0017 Romero               Alejandra            03/05/00 aromero@perudev.com            8345-9526            C03            103       7500            E0016                                                                                                                                                                                                                                                                                                                                                                                                                                                             
E0018 Valdiviezo           Jennifer             12/06/00 jvaldiviezo@perudev.com        9263-5172            C06            103       2000            E0016                                                                                                                                                                                                                                                                                                                                                                                                                                                             

12 filas seleccionadas.

SQL> select * from empleado where comision is not null;

IDEMP APELLIDO             NOMBRE               FECINGRE EMAIL                          TELEFONO             IDC IDDEPARTAMENTO     SUELDO   COMISION JEFE                                                                                                                                                                                                                                                                                                                                                                                                                                                              
----- -------------------- -------------------- -------- ------------------------------ -------------------- --- -------------- ---------- ---------- -----                                                                                                                                                                                                                                                                                                                                                                                                                                                             
E0005 Martinez             Roberto              05/04/00 rmartinez@perudev.com                               C08            102       7000        500 E0003                                                                                                                                                                                                                                                                                                                                                                                                                                                             
E0006 Espinoza             Miguel               06/04/00 mespinoza@perudev.com                               C08            102       7500        500 E0003                                                                                                                                                                                                                                                                                                                                                                                                                                                             
E0007 Ramos                Vanessa              06/04/02 vramos@perudev.com             9456-3456            C08            102       7000        500 E0003                                                                                                                                                                                                                                                                                                                                                                                                                                                             
E0008 Flores               Julio                01/04/00 jflores@perudev.com                                 C07            102       3500       1000 E0003                                                                                                                                                                                                                                                                                                                                                                                                                                                             
E0014 Aguero               Octavio              15/05/00 oaguero@perudev.com                                 C07            105       3000        300 E0012                                                                                                                                                                                                                                                                                                                                                                                                                                                             
E0015 Rosales              Cesar                15/03/03 crosales@perudev.com                                C07            105       2500        300 E0012                                                                                                                                                                                                                                                                                                                                                                                                                                                             
E0019 Muchotrigo           Omar                 12/05/00 omuchotrigo@perudev.com        9963-5542            C05            103       3500        500 E0016                                                                                                                                                                                                                                                                                                                                                                                                                                                             
E0020 Baltazar             Victor               18/05/00 vbaltazar@perudev.com          9893-4433            C05            103       3000        800 E0016                                                                                                                                                                                                                                                                                                                                                                                                                                                             
E0021 Castillo             Ronald               18/05/01 rcastillo@perudev.com          9234-3487            C05            103       3000        800 E0016                                                                                                                                                                                                                                                                                                                                                                                                                                                             
E0022 Espilco              Luis                 17/04/02 lespilco@perudev.com           9554-3456            C05            103       3000        300 E0016                                                                                                                                                                                                                                                                                                                                                                                                                                                             

10 filas seleccionadas.

SQL> select sueldo + comision total from empleado;

     TOTAL                                                                                                                                                                                                                                                                                                                                                                                                                                                                                                                                                                                                              
----------                                                                                                                                                                                                                                                                                                                                                                                                                                                                                                                                                                                                              
                                                                                                                                                                                                                                                                                                                                                                                                                                                                                                                                                                                                                        
                                                                                                                                                                                                                                                                                                                                                                                                                                                                                                                                                                                                                        
                                                                                                                                                                                                                                                                                                                                                                                                                                                                                                                                                                                                                        
                                                                                                                                                                                                                                                                                                                                                                                                                                                                                                                                                                                                                        
      7500                                                                                                                                                                                                                                                                                                                                                                                                                                                                                                                                                                                                              
      8000                                                                                                                                                                                                                                                                                                                                                                                                                                                                                                                                                                                                              
      7500                                                                                                                                                                                                                                                                                                                                                                                                                                                                                                                                                                                                              
      4500                                                                                                                                                                                                                                                                                                                                                                                                                                                                                                                                                                                                              
                                                                                                                                                                                                                                                                                                                                                                                                                                                                                                                                                                                                                        
                                                                                                                                                                                                                                                                                                                                                                                                                                                                                                                                                                                                                        
                                                                                                                                                                                                                                                                                                                                                                                                                                                                                                                                                                                                                        
                                                                                                                                                                                                                                                                                                                                                                                                                                                                                                                                                                                                                        
                                                                                                                                                                                                                                                                                                                                                                                                                                                                                                                                                                                                                        
      3300                                                                                                                                                                                                                                                                                                                                                                                                                                                                                                                                                                                                              
      2800                                                                                                                                                                                                                                                                                                                                                                                                                                                                                                                                                                                                              
                                                                                                                                                                                                                                                                                                                                                                                                                                                                                                                                                                                                                        
                                                                                                                                                                                                                                                                                                                                                                                                                                                                                                                                                                                                                        
                                                                                                                                                                                                                                                                                                                                                                                                                                                                                                                                                                                                                        
      4000                                                                                                                                                                                                                                                                                                                                                                                                                                                                                                                                                                                                              
      3800                                                                                                                                                                                                                                                                                                                                                                                                                                                                                                                                                                                                              
      3800                                                                                                                                                                                                                                                                                                                                                                                                                                                                                                                                                                                                              
      3300                                                                                                                                                                                                                                                                                                                                                                                                                                                                                                                                                                                                              

22 filas seleccionadas.

SQL> 
SQL> select sueldo, comision, sueldo + comision total from empleado;

    SUELDO   COMISION      TOTAL                                                                                                                                                                                                                                                                                                                                                                                                                                                                                                                                                                                        
---------- ---------- ----------                                                                                                                                                                                                                                                                                                                                                                                                                                                                                                                                                                                        
     25000                                                                                                                                                                                                                                                                                                                                                                                                                                                                                                                                                                                                              
      8000                                                                                                                                                                                                                                                                                                                                                                                                                                                                                                                                                                                                              
     15000                                                                                                                                                                                                                                                                                                                                                                                                                                                                                                                                                                                                              
      1800                                                                                                                                                                                                                                                                                                                                                                                                                                                                                                                                                                                                              
      7000        500       7500                                                                                                                                                                                                                                                                                                                                                                                                                                                                                                                                                                                        
      7500        500       8000                                                                                                                                                                                                                                                                                                                                                                                                                                                                                                                                                                                        
      7000        500       7500                                                                                                                                                                                                                                                                                                                                                                                                                                                                                                                                                                                        
      3500       1000       4500                                                                                                                                                                                                                                                                                                                                                                                                                                                                                                                                                                                        
     15000                                                                                                                                                                                                                                                                                                                                                                                                                                                                                                                                                                                                              
      8000                                                                                                                                                                                                                                                                                                                                                                                                                                                                                                                                                                                                              
      2000                                                                                                                                                                                                                                                                                                                                                                                                                                                                                                                                                                                                              
     15000                                                                                                                                                                                                                                                                                                                                                                                                                                                                                                                                                                                                              
      6000                                                                                                                                                                                                                                                                                                                                                                                                                                                                                                                                                                                                              
      3000        300       3300                                                                                                                                                                                                                                                                                                                                                                                                                                                                                                                                                                                        
      2500        300       2800                                                                                                                                                                                                                                                                                                                                                                                                                                                                                                                                                                                        
     15000                                                                                                                                                                                                                                                                                                                                                                                                                                                                                                                                                                                                              
      7500                                                                                                                                                                                                                                                                                                                                                                                                                                                                                                                                                                                                              
      2000                                                                                                                                                                                                                                                                                                                                                                                                                                                                                                                                                                                                              
      3500        500       4000                                                                                                                                                                                                                                                                                                                                                                                                                                                                                                                                                                                        
      3000        800       3800                                                                                                                                                                                                                                                                                                                                                                                                                                                                                                                                                                                        
      3000        800       3800                                                                                                                                                                                                                                                                                                                                                                                                                                                                                                                                                                                        
      3000        300       3300                                                                                                                                                                                                                                                                                                                                                                                                                                                                                                                                                                                        

22 filas seleccionadas.

SQL> select sueldo, comision, sueldo + nvl(comision,0) total from empleado;

    SUELDO   COMISION      TOTAL                                                                                                                                                                                                                                                                                                                                                                                                                                                                                                                                                                                        
---------- ---------- ----------                                                                                                                                                                                                                                                                                                                                                                                                                                                                                                                                                                                        
     25000                 25000                                                                                                                                                                                                                                                                                                                                                                                                                                                                                                                                                                                        
      8000                  8000                                                                                                                                                                                                                                                                                                                                                                                                                                                                                                                                                                                        
     15000                 15000                                                                                                                                                                                                                                                                                                                                                                                                                                                                                                                                                                                        
      1800                  1800                                                                                                                                                                                                                                                                                                                                                                                                                                                                                                                                                                                        
      7000        500       7500                                                                                                                                                                                                                                                                                                                                                                                                                                                                                                                                                                                        
      7500        500       8000                                                                                                                                                                                                                                                                                                                                                                                                                                                                                                                                                                                        
      7000        500       7500                                                                                                                                                                                                                                                                                                                                                                                                                                                                                                                                                                                        
      3500       1000       4500                                                                                                                                                                                                                                                                                                                                                                                                                                                                                                                                                                                        
     15000                 15000                                                                                                                                                                                                                                                                                                                                                                                                                                                                                                                                                                                        
      8000                  8000                                                                                                                                                                                                                                                                                                                                                                                                                                                                                                                                                                                        
      2000                  2000                                                                                                                                                                                                                                                                                                                                                                                                                                                                                                                                                                                        
     15000                 15000                                                                                                                                                                                                                                                                                                                                                                                                                                                                                                                                                                                        
      6000                  6000                                                                                                                                                                                                                                                                                                                                                                                                                                                                                                                                                                                        
      3000        300       3300                                                                                                                                                                                                                                                                                                                                                                                                                                                                                                                                                                                        
      2500        300       2800                                                                                                                                                                                                                                                                                                                                                                                                                                                                                                                                                                                        
     15000                 15000                                                                                                                                                                                                                                                                                                                                                                                                                                                                                                                                                                                        
      7500                  7500                                                                                                                                                                                                                                                                                                                                                                                                                                                                                                                                                                                        
      2000                  2000                                                                                                                                                                                                                                                                                                                                                                                                                                                                                                                                                                                        
      3500        500       4000                                                                                                                                                                                                                                                                                                                                                                                                                                                                                                                                                                                        
      3000        800       3800                                                                                                                                                                                                                                                                                                                                                                                                                                                                                                                                                                                        
      3000        800       3800                                                                                                                                                                                                                                                                                                                                                                                                                                                                                                                                                                                        
      3000        300       3300                                                                                                                                                                                                                                                                                                                                                                                                                                                                                                                                                                                        

22 filas seleccionadas.

SQL> select sueldo, comision, sueldo + nvl2(comision,1,0) total from empleado;

    SUELDO   COMISION      TOTAL                                                                                                                                                                                                                                                                                                                                                                                                                                                                                                                                                                                        
---------- ---------- ----------                                                                                                                                                                                                                                                                                                                                                                                                                                                                                                                                                                                        
     25000                 25000                                                                                                                                                                                                                                                                                                                                                                                                                                                                                                                                                                                        
      8000                  8000                                                                                                                                                                                                                                                                                                                                                                                                                                                                                                                                                                                        
     15000                 15000                                                                                                                                                                                                                                                                                                                                                                                                                                                                                                                                                                                        
      1800                  1800                                                                                                                                                                                                                                                                                                                                                                                                                                                                                                                                                                                        
      7000        500       7001                                                                                                                                                                                                                                                                                                                                                                                                                                                                                                                                                                                        
      7500        500       7501                                                                                                                                                                                                                                                                                                                                                                                                                                                                                                                                                                                        
      7000        500       7001                                                                                                                                                                                                                                                                                                                                                                                                                                                                                                                                                                                        
      3500       1000       3501                                                                                                                                                                                                                                                                                                                                                                                                                                                                                                                                                                                        
     15000                 15000                                                                                                                                                                                                                                                                                                                                                                                                                                                                                                                                                                                        
      8000                  8000                                                                                                                                                                                                                                                                                                                                                                                                                                                                                                                                                                                        
      2000                  2000                                                                                                                                                                                                                                                                                                                                                                                                                                                                                                                                                                                        
     15000                 15000                                                                                                                                                                                                                                                                                                                                                                                                                                                                                                                                                                                        
      6000                  6000                                                                                                                                                                                                                                                                                                                                                                                                                                                                                                                                                                                        
      3000        300       3001                                                                                                                                                                                                                                                                                                                                                                                                                                                                                                                                                                                        
      2500        300       2501                                                                                                                                                                                                                                                                                                                                                                                                                                                                                                                                                                                        
     15000                 15000                                                                                                                                                                                                                                                                                                                                                                                                                                                                                                                                                                                        
      7500                  7500                                                                                                                                                                                                                                                                                                                                                                                                                                                                                                                                                                                        
      2000                  2000                                                                                                                                                                                                                                                                                                                                                                                                                                                                                                                                                                                        
      3500        500       3501                                                                                                                                                                                                                                                                                                                                                                                                                                                                                                                                                                                        
      3000        800       3001                                                                                                                                                                                                                                                                                                                                                                                                                                                                                                                                                                                        
      3000        800       3001                                                                                                                                                                                                                                                                                                                                                                                                                                                                                                                                                                                        
      3000        300       3001                                                                                                                                                                                                                                                                                                                                                                                                                                                                                                                                                                                        

22 filas seleccionadas.

SQL> spool off
